
[1m[46m RUN [49m[22m [36mv4.0.18 [39m[90m/Users/bagjongman/dev/workspace/study/project/test[39m

 [31m❯[39m test/verify-onboarding-chat.test.tsx [2m([22m[2m4 tests[22m[2m | [22m[31m3 failed[39m[2m)[22m[33m 1243[2mms[22m[39m
     [32m✓[39m renders initial message[32m 24[2mms[22m[39m
[31m     [31m×[31m shows confirmation buttons after surgery type input[39m[33m 1104[2mms[22m[39m
[31m     [31m×[31m shows date picker when confirmed[39m[32m 64[2mms[22m[39m
[31m     [31m×[31m completes without final AI message when date is selected[39m[32m 50[2mms[22m[39m

[31m⎯⎯⎯⎯⎯⎯⎯[39m[1m[41m Failed Tests 3 [49m[22m[31m⎯⎯⎯⎯⎯⎯⎯[39m

[41m[1m FAIL [22m[49m test/verify-onboarding-chat.test.tsx[2m > [22mOnboardingChat Redesign[2m > [22mshows confirmation buttons after surgery type input
[31m[1mTestingLibraryElementError[22m[39m: Found multiple elements with the role "button" and name `/네, 맞아요/i`

Here are the matching elements:

Ignored nodes: comments, script, style
[36m<button[39m
  [33mclass[39m=[32m"inline-flex items-center justify-center whitespace-nowrap rounded-xl font-bold ring-offset-background transition-colors focus-visible:outline-none focus-visible:ring-2 focus-visible:ring-ring focus-visible:ring-offset-2 disabled:pointer-events-none disabled:opacity-50 text-white px-4 py-2 text-base h-9 bg-blue-600 hover:bg-blue-700"[39m
[36m>[39m
  [0m네, 맞아요[0m
[36m</button>[39m

Ignored nodes: comments, script, style
[36m<button[39m
  [33mclass[39m=[32m"inline-flex items-center justify-center whitespace-nowrap rounded-xl font-bold ring-offset-background transition-colors focus-visible:outline-none focus-visible:ring-2 focus-visible:ring-ring focus-visible:ring-offset-2 disabled:pointer-events-none disabled:opacity-50 text-white px-4 py-2 text-base h-9 bg-blue-600 hover:bg-blue-700"[39m
[36m>[39m
  [0m네, 맞아요[0m
[36m</button>[39m

(If this is intentional, then use the `*AllBy*` variant of the query (like `queryAllByText`, `getAllByText`, or `findAllByText`)).

Ignored nodes: comments, script, style
[36m<body>[39m
  [36m<div>[39m
    [36m<div[39m
      [33mclass[39m=[32m"bg-white rounded-2xl shadow-lg p-8 max-w-3xl mx-auto flex flex-col h-[600px] shadow-xl border-t-4 border-t-blue-500 overflow-hidden"[39m
    [36m>[39m
      [36m<div[39m
        [33mclass[39m=[32m"bg-white border-b p-4 text-center"[39m
      [36m>[39m
        [36m<h3[39m
          [33mclass[39m=[32m"text-xl font-bold text-gray-800"[39m
        [36m>[39m
          [0m회복 가이드 AI 상담[0m
        [36m</h3>[39m
        [36m<p[39m
          [33mclass[39m=[32m"text-sm text-gray-500"[39m
        [36m>[39m
          [0m대화를 통해 맞춤형 회복 계획을 세워보세요[0m
        [36m</p>[39m
      [36m</div>[39m
      [36m<div[39m
        [33mclass[39m=[32m"flex-1 overflow-y-auto p-6 space-y-4 bg-gray-50"[39m
      [36m>[39m
        [36m<div[39m
          [33mclass[39m=[32m"flex justify-start"[39m
        [36m>[39m
          [36m<div[39m
            [33mclass[39m=[32m"flex max-w-[80%] items-start gap-3 "[39m
          [36m>[39m
            [36m<div[39m
              [33mclass[39m=[32m"p-2 rounded-full bg-white border shadow-sm"[39m
            [36m>[39m
              [36m<svg[39m
                [33maria-hidden[39m=[32m"true"[39m
                [33mclass[39m=[32m"lucide lucide-bot text-gray-600"[39m
                [33mfill[39m=[32m"none"[39m
                [33mheight[39m=[32m"20"[39m
                [33mstroke[39m=[32m"currentColor"[39m
                [33mstroke-linecap[39m=[32m"round"[39m
                [33mstroke-linejoin[39m=[32m"round"[39m
                [33mstroke-width[39m=[32m"2"[39m
                [33mviewBox[39m=[32m"0 0 24 24"[39m
                [33mwidth[39m=[32m"20"[39m
                [33mxmlns[39m=[32m"http://www.w3.org/2000/svg"[39m
              [36m>[39m
                [36m<path[39m
                  [33md[39m=[32m"M12 8V4H8"[39m
                [36m/>[39m
                [36m<rect[39m
                  [33mheight[39m=[32m"12"[39m
                  [33mrx[39m=[32m"2"[39m
                  [33mwidth[39m=[32m"16"[39m
                  [33mx[39m=[32m"4"[39m
                  [33my[39m=[32m"8"[39m
                [36m/>[39m
                [36m<path[39m
                  [33md[39m=[32m"M2 14h2"[39m
                [36m/>[39m
                [36m<path[39m
                  [33md[39m=[32m"M20 14h2"[39m
                [36m/>[39m
                [36m<path[39m
                  [33md[39m=[32m"M15 13v2"[39m
                [36m/>[39m
                [36m<path[39m
                  [33md[39m=[32m"M9 13v2"[39m
                [36m/>[39m
              [36m</svg>[39m
            [36m</div>[39m
            [36m<div[39m
              [33mclass[39m=[32m"p-4 rounded-2xl text-sm leading-relaxed shadow-sm bg-white text-gray-800 rounded-tl-none border"[39m
            [36m>[39m
              [0m안녕하세요! 수술 후 회복 관리를 도와드릴 AI 가이드입니다. 먼저 어떤 수술을 받으셨는지 말씀해 주시겠어요? (예: 위절제술, 대장절제술, 무릎 인공관절 등)[0m
            [36m</div>[39m
          [36m</div>[39m
        [36m</div>[39m
        [36m<div[39m
          [33mclass[39m=[32m"flex justify-end"[39m
        [36m>[39m
          [36m<div[39m
            [33mclass[39m=[32m"flex max-w-[80%] items-start gap-3 flex-row-reverse"[39m
          [36m>[39m
            [36m<div[39m
              [33mclass[39m=[32m"p-2 rounded-full bg-blue-100"[39m
            [36m>[39m
              [36m<svg[39m
                [33maria-hidden[39m=[32m"true"[39m
                [33mclass[39m=[32m"lucide lucide-user text-blue-600"[39m
                [33mfill[39m=[32m"none"[39m
                [33mheight[39m=[32m"20"[39m
                [33mstroke[39m=[32m"currentColor"[39m
                [33mstroke-linecap[39m=[32m"round"[39m
                [33mstroke-linejoin[39m=[32m"round"[39m
                [33mstroke-width[39m=[32m"2"[39m
                [33mviewBox[39m=[32m"0 0 24 24"[39m
                [33mwidth[39m=[32m"20"[39m
                [33mxmlns[39m=[32m"http://www.w3.org/2000/svg"[39m
              [36m>[39m
                [36m<path[39m
                  [33md[39m=[32m"M19 21v-2a4 4 0 0 0-4-4H9a4 4 0 0 0-4 4v2"[39m
                [36m/>[39m
                [36m<circle[39m
                  [33mcx[39m=[32m"12"[39m
                  [33mcy[39m=[32m"7"[39m
                  [33mr[39m=[32m"4"[39m
                [36m/>[39m
              [36m</svg>[39m
            [36m</div>[39m
            [36m<div[39m
              [33mclass[39m=[32m"p-4 rounded-2xl text-sm leading-relaxed shadow-sm bg-blue-600 text-white rounded-tr-none"[39m
            [36m>[39m
              [0m위암 수술[0m
            [36m</div>[39m
          [36m</div>[39m
        [36m</div>[39m
        [36m<div[39m
          [33mclass[39m=[32m"flex justify-start"[39m
        [36m>[39m
          [36m<div[39m
            [33mclass[39m=[32m"flex max-w-[80%] items-start gap-3 "[39m
          [36m>[39m
            [36m<div[39m
              [33mclass[39m=[32m"p-2 rounded-full bg-white border shadow-sm"[39m
            [36m>[39m
              [36m<svg[39m
                [33maria-hidden[39m=[32m"true"[39m
                [33mclass[39m=[32m"lucide lucide-bot text-gray-600"[39m
                [33mfill[39m=[32m"none"[39m
                [33mheight[39m=[32m"20"[39m
                [33mstroke[39m=[32m"currentColor"[39m
                [33mstroke-linecap[39m=[32m"round"[39m
                [33mstroke-linejoin[39m=[32m"round"[39m
                [33mstroke-width[39m=[32m"2"[39m
                [33mviewBox[39m=[32m"0 0 24 24"[39m
                [33mwidth[39m=[32m"20"[39m
                [33mxmlns[39m=[32m"http://www.w3.org/2000/svg"[39m
              [36m>[39m
                [36m<path[39m
                  [33md[39m=[32m"M12 8V4H8"[39m
                [36m/>[39m
                [36m<rect[39m
                  [33mheight[39m=[32m"12"[39m
                  [33mrx[39m=[32m"2"[39m
                  [33mwidth[39m=[32m"16"[39m
                  [33mx[39m=[32m"4"[39m
                  [33my[39m=[32m"8"[39m
                [36m/>[39m
                [36m<path[39m
                  [33md[39m=[32m"M2 14h2"[39m
                [36m/>[39m
                [36m<path[39m
                  [33md[39m=[32m"M20 14h2"[39m
                [36m/>[39m
                [36m<path[39m
                  [33md[39m=[32m"M15 13v2"[39m
                [36m/>[39m
                [36m<path[39m
                  [33md[39m=[32m"M9 13v2"[39m
                [36m/>[39m
              [36m</svg>[39m
            [36m</div>[39m
            [36m<div[39m
              [33mclass[39m=[32m"p-4 rounded-2xl text-sm leading-relaxed shadow-sm bg-white text-gray-800 rounded-tl-none border"[39m
            [36m>[39m
              [0m수술 정보를 확인했습니다.[0m
            [36m</div>[39m
          [36m</div>[39m
        [36m</div>[39m
        [36m<div[39m
          [33mclass[39m=[32m"flex justify-center gap-4 py-4 animate-in fade-in slide-in-from-bottom-2"[39m
        [36m>[39m
          [36m<div[39m
            [33mclass[39m=[32m"bg-white p-4 rounded-xl shadow-md border text-center space-y-3"[39m
          [36m>[39m
            [36m<p[39m
              [33mclass[39m=[32m"font-medium text-gray-800"[39m
            [36m>[39m
              [0m"[0m
              [0m위암 수술[0m
              [0m"이(가) 맞나요?[0m
            [36m</p>[39m
            [36m<div[39m
              [33mclass[39m=[32m"flex gap-2 justify-center"[39m
            [36m>[39m
              [36m<button[39m
                [33mclass[39m=[32m"inline-flex items-center justify-center whitespace-nowrap rounded-xl font-bold ring-offset-background transition-colors focus-visible:outline-none focus-visible:ring-2 focus-visible:ring-ring focus-visible:ring-offset-2 disabled:pointer-events-none disabled:opacity-50 text-white px-4 py-2 text-base h-9 bg-blue-600 hover:bg-blue-700"[39m
              [36m>[39m
                [0m네, 맞아요[0m
              [36m</button>[39m
              [36m<button[39m
                [33mclass[39m=[32m"inline-flex items-center justify-center whitespace-nowrap rounded-xl font-bold ring-offset-background transition-colors focus-visible:outline-none focus-visible:ring-2 focus-visible:ring-ring focus-visible:ring-offset-2 disabled:pointer-events-none disabled:opacity-50 border-2 border-blue-500 text-blue-500 hover:bg-blue-50 px-4 py-2 text-base h-9"[39m
              [36m>[39m
                [0m아니요[0m
              [36m</button>[39m
            [36m</div>[39m
          [36m</div>[39m
        [36m</div>[39m
        [36m<div />[39m
      [36m</div>[39m
    [36m</div>[39m
  [36m</div>[39m
  [36m<div>[39m
    [36m<div[39m
      [33mclass[39m=[32m"bg-white rounded-2xl shadow-lg p-8 max-w-3xl mx-auto flex flex-col h-[600px] shadow-xl border-t-4 border-t-blue-500 overflow-hidden"[39m
    [36m>[39m
      [36m<div[39m
        [33mclass[39m=[32m"bg-white border-b p-4 text-center"[39m
      [36m>[39m
        [36m<h3[39m
          [33mclass[39m=[32m"text-xl font-bold text-gray-800"[39m
        [36m>[39m
          [0m회복 가이드 AI 상담[0m
        [36m</h3>[39m
        [36m<p[39m
          [33mclass[39m=[32m"text-sm text-gray-500"[39m
        [36m>[39m
          [0m대화를 통해 맞춤형 회복 계획을 세워보세요[0m
        [36m</p>[39m
      [36m</div>[39m
      [36m<div[39m
        [33mclass[39m=[32m"flex-1 overflow-y-auto p-6 space-y-4 bg-gray-50"[39m
      [36m>[39m
        [36m<div[39m
          [33mclass[39m=[32m"flex justify-start"[39m
        [36m>[39m
          [36m<div[39m
            [33mclass[39m=[32m"flex max-w-[80%] items-start gap-3 "[39m
          [36m>[39m
            [36m<div[39m
              [33mclass[39m=[32m"p-2 rounded-full bg-white border shadow-sm"[39m
            [36m>[39m
              [36m<svg[39m
                [33maria-hidden[39m=[32m"true"[39m
                [33mclass[39m=[32m"lucide lucide-bot text-gray-600"[39m
                [33mfill[39m=[32m"none"[39m
                [33mheight[39m=[32m"20"[39m
                [33mstroke[39m=[32m"currentColor"[39m
                [33mstroke-linecap[39m=[32m"round"[39m
                [33mstroke-linejoin[39m=[32m"round"[39m
                [33mstroke-width[39m=[32m"2"[39m
                [33mviewBox[39m=[32m"0 0 24 24"[39m
                [33mwidth[39m=[32m"20"[39m
                [33mxmlns[39m=[32m"http://www.w3.org/2000/svg"[39m
              [36m>[39m
                [36m<path[39m
                  [33md[39m=[32m"M12 8V4H8"[39m
                [36m/>[39m
                [36m<rect[39m
                  [33mheight[39m=[32m"12"[39m
                  [33mrx[39m=[32m"2"[39m
                  [33mwidth[39m=[32m"16"[39m
                  [33mx[39m=[32m"4"[39m
                  [33my[39m=[32m"8"[39m
                [36m/>[39m
                [36m<path[39m
                  [33md[39m=[32m"M2 14h2"[39m
                [36m/>[39m
                [36m<path[39m
                  [33md[39m=[32m"M20 14h2"[39m
                [36m/>[39m
                [36m<path[39m
                  [33md[39m=[32m"M15 13v2"[39m
                [36m/>[39m
                [36m<path[39m
                  [33md[39m=[32m"M9 13v2"[39m
                [36m/>[39m
              [36m</svg>[39m
            [36m</div>[39m
            [36m<div[39m
              [33mclass[39m=[32m"p-4 rounded-2xl text-sm leading-relaxed shadow-sm bg-white text-gray-800 rounded-tl-none border"[39m
            [36m>[39m
              [0m안녕하세요! 수술 후 회복 관리를 도와드릴 AI 가이드입니다. 먼저 어떤 수술을 받으셨는지 말씀해 주시겠어요? (예: 위절제술, 대장절제술, 무릎 인공관절 등)[0m
            [36m</div>[39m
          [36m</div>[39m
        [36m</div>[39m
        [36m<div[39m
          [33mclass[39m=[32m"flex justify-center gap-4 py-4 animate-in fade-in slide-in-from-bottom-2"[39m
        [36m>[39m
          [36m<div[39m
            [33mclass[39m=[32m"bg-white p-4 rounded-xl shadow-md border text-center space-y-3"[39m
          [36m>[39m
            [36m<p[39m
              [33mclass[39m=[32m"font-medium text-gray-800"[39m
            [36m>[39m
              [0m"[0m
              [0m"이(가) 맞나요?[0m
            [36m</p>[39m
            [36m<div[39m
              [33mclass[39m=[32m"flex gap-2 justify-center"[39m
            [36m>[39m
              [36m<button[39m
                [33mclass[39m=[32m"inline-flex items-center justify-center whitespace-nowrap rounded-xl font-bold ring-offset-background transition-colors focus-visible:outline-none focus-visible:ring-2 focus-visible:ring-ring focus-visible:ring-offset-2 disabled:pointer-events-none disabled:opacity-50 text-white px-4 py-2 text-base h-9 bg-blue-600 hover:bg-blue-700"[39m
              [36m>[39m
                [0m네, 맞아요[0m
              [36m</button>[39m
              [36m<button[39m
                [33mclass[39m=[32m"inline-flex items-center justify-center whitespace-nowrap rounded-xl font-bold ring-offset-background transition-colors focus-visible:outline-none focus-visible:ring-2 focus-visible:ring-ring focus-visible:ring-offset-2 disabled:pointer-events-none disabled:opacity-50 border-2 border-blue-500 text-blue-500 hover:bg-blue-50 px-4 py-2 text-base h-9"[39m
              [36m>[39m
                [0m아니요[0m
              [36m</button>[39m
            [36m</div>[39m
          [36m</div>[39m
        [36m</div>[39m
        [36m<div />[39m
      [36m</div>[39m
    [36m</div>[39m
  [36m</div>[39m
[36m</body>[39m

Ignored nodes: comments, script, style
[36m<html>[39m
  [36m<head />[39m
  [36m<body>[39m
    [36m<div>[39m
      [36m<div[39m
        [33mclass[39m=[32m"bg-white rounded-2xl shadow-lg p-8 max-w-3xl mx-auto flex flex-col h-[600px] shadow-xl border-t-4 border-t-blue-500 overflow-hidden"[39m
      [36m>[39m
        [36m<div[39m
          [33mclass[39m=[32m"bg-white border-b p-4 text-center"[39m
        [36m>[39m
          [36m<h3[39m
            [33mclass[39m=[32m"text-xl font-bold text-gray-800"[39m
          [36m>[39m
            [0m회복 가이드 AI 상담[0m
          [36m</h3>[39m
          [36m<p[39m
            [33mclass[39m=[32m"text-sm text-gray-500"[39m
          [36m>[39m
            [0m대화를 통해 맞춤형 회복 계획을 세워보세요[0m
          [36m</p>[39m
        [36m</div>[39m
        [36m<div[39m
          [33mclass[39m=[32m"flex-1 overflow-y-auto p-6 space-y-4 bg-gray-50"[39m
        [36m>[39m
          [36m<div[39m
            [33mclass[39m=[32m"flex justify-start"[39m
          [36m>[39m
            [36m<div[39m
              [33mclass[39m=[32m"flex max-w-[80%] items-start gap-3 "[39m
            [36m>[39m
              [36m<div[39m
                [33mclass[39m=[32m"p-2 rounded-full bg-white border shadow-sm"[39m
              [36m>[39m
                [36m<svg[39m
                  [33maria-hidden[39m=[32m"true"[39m
                  [33mclass[39m=[32m"lucide lucide-bot text-gray-600"[39m
                  [33mfill[39m=[32m"none"[39m
                  [33mheight[39m=[32m"20"[39m
                  [33mstroke[39m=[32m"currentColor"[39m
                  [33mstroke-linecap[39m=[32m"round"[39m
                  [33mstroke-linejoin[39m=[32m"round"[39m
                  [33mstroke-width[39m=[32m"2"[39m
                  [33mviewBox[39m=[32m"0 0 24 24"[39m
                  [33mwidth[39m=[32m"20"[39m
                  [33mxmlns[39m=[32m"http://www.w3.org/2000/svg"[39m
                [36m>[39m
                  [36m<path[39m
                    [33md[39m=[32m"M12 8V4H8"[39m
                  [36m/>[39m
                  [36m<rect[39m
                    [33mheight[39m=[32m"12"[39m
                    [33mrx[39m=[32m"2"[39m
                    [33mwidth[39m=[32m"16"[39m
                    [33mx[39m=[32m"4"[39m
                    [33my[39m=[32m"8"[39m
                  [36m/>[39m
                  [36m<path[39m
                    [33md[39m=[32m"M2 14h2"[39m
                  [36m/>[39m
                  [36m<path[39m
                    [33md[39m=[32m"M20 14h2"[39m
                  [36m/>[39m
                  [36m<path[39m
                    [33md[39m=[32m"M15 13v2"[39m
                  [36m/>[39m
                  [36m<path[39m
                    [33md[39m=[32m"M9 13v2"[39m
                  [36m/>[39m
                [36m</svg>[39m
              [36m</div>[39m
              [36m<div[39m
                [33mclass[39m=[32m"p-4 rounded-2xl text-sm leading-relaxed shadow-sm bg-white text-gray-800 rounded-tl-none border"[39m
              [36m>[39m
                [0m안녕하세요! 수술 후 회복 관리를 도와드릴 AI 가이드입니다. 먼저 어떤 수술을 받으셨는지 말씀해 주시겠어요? (예: 위절제술, 대장절제술, 무릎 인공관절 등)[0m
              [36m</div>[39m
            [36m</div>[39m
          [36m</div>[39m
          [36m<div[39m
            [33mclass[39m=[32m"flex justify-end"[39m
          [36m>[39m
            [36m<div[39m
              [33mclass[39m=[32m"flex max-w-[80%] items-start gap-3 flex-row-reverse"[39m
            [36m>[39m
              [36m<div[39m
                [33mclass[39m=[32m"p-2 rounded-full bg-blue-100"[39m
              [36m>[39m
                [36m<svg[39m
                  [33maria-hidden[39m=[32m"true"[39m
                  [33mclass[39m=[32m"lucide lucide-user text-blue-600"[39m
                  [33mfill[39m=[32m"none"[39m
                  [33mheight[39m=[32m"20"[39m
                  [33mstroke[39m=[32m"currentColor"[39m
                  [33mstroke-linecap[39m=[32m"round"[39m
                  [33mstroke-linejoin[39m=[32m"round"[39m
                  [33mstroke-width[39m=[32m"2"[39m
                  [33mviewBox[39m=[32m"0 0 24 24"[39m
                  [33mwidth[39m=[32m"20"[39m
                  [33mxmlns[39m=[32m"http://www.w3.org/2000/svg"[39m
                [36m>[39m
                  [36m<path[39m
                    [33md[39m=[32m"M19 21v-2a4 4 0 0 0-4-4H9a4 4 0 0 0-4 4v2"[39m
                  [36m/>[39m
                  [36m<circle[39m
                    [33mcx[39m=[32m"12"[39m
                    [33mcy[39m=[32m"7"[39m
                    [33mr[39m=[32m"4"[39m
                  [36m/>[39m
                [36m</svg>[39m
              [36m</div>[39m
              [36m<div[39m
                [33mclass[39m=[32m"p-4 rounded-2xl text-sm leading-relaxed shadow-sm bg-blue-600 text-white rounded-tr-none"[39m
              [36m>[39m
                [0m위암 수술[0m
              [36m</div>[39m
            [36m</div>[39m
          [36m</div>[39m
          [36m<div[39m
            [33mclass[39m=[32m"flex justify-start"[39m
          [36m>[39m
            [36m<div[39m
              [33mclass[39m=[32m"flex max-w-[80%] items-start gap-3 "[39m
            [36m>[39m
              [36m<div[39m
                [33mclass[39m=[32m"p-2 rounded-full bg-white border shadow-sm"[39m
              [36m>[39m
                [36m<svg[39m
                  [33maria-hidden[39m=[32m"true"[39m
                  [33mclass[39m=[32m"lucide lucide-bot text-gray-600"[39m
                  [33mfill[39m=[32m"none"[39m
                  [33mheight[39m=[32m"20"[39m
                  [33mstroke[39m=[32m"currentColor"[39m
                  [33mstroke-linecap[39m=[32m"round"[39m
                  [33mstroke-linejoin[39m=[32m"round"[39m
                  [33mstroke-width[39m=[32m"2"[39m
                  [33mviewBox[39m=[32m"0 0 24 24"[39m
                  [33mwidth[39m=[32m"20"[39m
                  [33mxmlns[39m=[32m"http://www.w3.org/2000/svg"[39m
                [36m>[39m
                  [36m<path[39m
                    [33md[39m=[32m"M12 8V4H8"[39m
                  [36m/>[39m
                  [36m<rect[39m
                    [33mheight[39m=[32m"12"[39m
                    [33mrx[39m=[32m"2"[39m
                    [33mwidth[39m=[32m"16"[39m
                    [33mx[39m=[32m"4"[39m
                    [33my[39m=[32m"8"[39m
                  [36m/>[39m
                  [36m<path[39m
                    [33md[39m=[32m"M2 14h2"[39m
                  [36m/>[39m
                  [36m<path[39m
                    [33md[39m=[32m"M20 14h2"[39m
                  [36m/>[39m
                  [36m<path[39m
                    [33md[39m=[32m"M15 13v2"[39m
                  [36m/>[39m
                  [36m<path[39m
                    [33md[39m=[32m"M9 13v2"[39m
                  [36m/>[39m
                [36m</svg>[39m
              [36m</div>[39m
              [36m<div[39m
                [33mclass[39m=[32m"p-4 rounded-2xl text-sm leading-relaxed shadow-sm bg-white text-gray-800 rounded-tl-none border"[39m
              [36m>[39m
                [0m수술 정보를 확인했습니다.[0m
              [36m</div>[39m
            [36m</div>[39m
          [36m</div>[39m
          [36m<div[39m
            [33mclass[39m=[32m"flex justify-center gap-4 py-4 animate-in fade-in slide-in-from-bottom-2"[39m
          [36m>[39m
            [36m<div[39m
              [33mclass[39m=[32m"bg-white p-4 rounded-xl shadow-md border text-center space-y-3"[39m
            [36m>[39m
              [36m<p[39m
                [33mclass[39m=[32m"font-medium text-gray-800"[39m
              [36m>[39m
                [0m"[0m
                [0m위암 수술[0m
                [0m"이(가) 맞나요?[0m
              [36m</p>[39m
              [36m<div[39m
                [33mclass[39m=[32m"flex gap-2 justify-center"[39m
              [36m>[39m
                [36m<button[39m
                  [33mclass[39m=[32m"inline-flex items-center justify-center whitespace-nowrap rounded-xl font-bold ring-offset-background transition-colors focus-visible:outline-none focus-visible:ring-2 focus-visible:ring-ring focus-visible:ring-offset-2 disabled:pointer-events-none disabled:opacity-50 text-white px-4 py-2 text-base h-9 bg-blue-600 hover:bg-blue-700"[39m
                [36m>[39m
                  [0m네, 맞아요[0m
                [36m</button>[39m
                [36m<button[39m
                  [33mclass[39m=[32m"inline-flex items-center justify-center whitespace-nowrap rounded-xl font-bold ring-offset-background transition-colors focus-visible:outline-none focus-visible:ring-2 focus-visible:ring-ring focus-visible:ring-offset-2 disabled:pointer-events-none disabled:opacity-50 border-2 border-blue-500 text-blue-500 hover:bg-blue-50 px-4 py-2 text-base h-9"[39m
                [36m>[39m
                  [0m아니요[0m
                [36m</button>[39m
              [36m</div>[39m
            [36m</div>[39m
          [36m</div>[39m
          [36m<div />[39m
        [36m</div>[39m
      [36m</div>[39m
    [36m</div>[39m
    [36m<div>[39m
      [36m<div[39m
        [33mclass[39m=[32m"bg-white rounded-2xl shadow-lg p-8 max-w-3xl mx-auto flex flex-col h-[600px] shadow-xl border-t-4 border-t-blue-500 overflow-hidden"[39m
      [36m>[39m
        [36m<div[39m
          [33mclass[39m=[32m"bg-white border-b p-4 text-center"[39m
        [36m>[39m
          [36m<h3[39m
            [33mclass[39m=[32m"text-xl font-bold text-gray-800"[39m
          [36m>[39m
            [0m회복 가이드 AI 상담[0m
          [36m</h3>[39m
          [36m<p[39m
            [33mclass[39m=[32m"text-sm text-gray-500"[39m
          [36m>[39m
            [0m대화를 통해 맞춤형 회복 계획을 세워보세요[0m
          [36m</p>[39m
        [36m</div>[39m
        [36m<div[39m
          [33mclass[39m=[32m"flex-1 overflow-y-auto p-6 space-y-4 bg-gray-50"[39m
        [36m>[39m
          [36m<div[39m
            [33mclass[39m=[32m"flex justify-start"[39m
          [36m>[39m
            [36m<div[39m
              [33mclass[39m=[32m"flex max-w-[80%] items-start gap-3 "[39m
            [36m>[39m
              [36m<div[39m
                [33mclass[39m=[32m"p-2 rounded-full bg-white border shadow-sm"[39m
              [36m>[39m
                [36m<svg[39m
                  [33maria-hidden[39m=[32m"true"[39m
                  [33mclass[39m=[32m"lucide lucide-bot text-gray-600"[39m
                  [33mfill[39m=[32m"none"[39m
                  [33mheight[39m=[32m"20"[39m
                  [33mstroke[39m=[32m"currentColor"[39m
                  [33mstroke-linecap[39m=[32m"round"[39m
                  [33mstroke-linejoin[39m=[32m"round"[39m
                  [33mstroke-width[39m=[32m"2"[39m
                  [33mviewBox[39m=[32m"0 0 24 24"[39m
                  [33mwidth[39m=[32m"20"[39m
                  [33mxmlns[39m=[32m"http://www.w3.org/2000/svg"[39m
                [36m>[39m
                  [36m<path[39m
                    [33md[39m=[32m"M12 8V4H8"[39m
                  [36m/>[39m
                  [36m<rect[39m
                    [33mheight[39m=[32m"12"[39m
                    [33mrx[39m=[32m"2"[39m
                    [33mwidth[39m=[32m"16"[39m
                    [33mx[39m=[32m"4"[39m
                    [33my[39m=[32m"8"[39m
                  [36m/>[39m
                  [36m<path[39m
                    [33md[39m=[32m"M2 14h2"[39m
                  [36m/>[39m
                  [36m<path[39m
                    [33md[39m=[32m"M20 14h2"[39m
                  [36m/>[39m
                  [36m<path[39m
                    [33md[39m=[32m"M15 13v2"[39m
                  [36m/>[39m
                  [36m<path[39m
                    [33md[39m=[32m"M9 13v2"[39m
                  [36m/>[39m
                [36m</svg>[39m
              [36m</div>[39m
              [36m<div[39m
                [33mclass[39m=[32m"p-4 rounded-2xl text-sm leading-relaxed shadow-sm bg-white text-gray-800 rounded-tl-none border"[39m
              [36m>[39m
                [0m안녕하세요! 수술 후 회복 관리를 도와드릴 AI 가이드입니다. 먼저 어떤 수술을 받으셨는지 말씀해 주시겠어요? (예: 위절제술, 대장절제술, 무릎 인공관절 등)[0m
              [36m</div>[39m
            [36m</div>[39m
          [36m</div>[39m
          [36m<div[39m
            [33mclass[39m=[32m"flex justify-center gap-4 py-4 animate-in fade-in slide-in-from-bottom-2"[39m
          [36m>[39m
            [36m<div[39m
              [33mclass[39m=[32m"bg-white p-4 rounded-xl shadow-md border text-center space-y-3"[39m
            [36m>[39m
              [36m<p[39m
                [33mclass[39m=[32m"font-medium text-gray-800"[39m
              [36m>[39m
                [0m"[0m
                [0m"이(가) 맞나요?[0m
              [36m</p>[39m
              [36m<div[39m
                [33mclass[39m=[32m"flex gap-2 justify-center"[39m
              [36m>[39m
                [36m<button[39m
                  [33mclass[39m=[32m"inline-flex items-center justify-center whitespace-nowrap rounded-xl font-bold ring-offset-background transition-colors focus-visible:outline-none focus-visible:ring-2 focus-visible:ring-ring focus-visible:ring-offset-2 disabled:pointer-events-none disabled:opacity-50 text-white px-4 py-2 text-base h-9 bg-blue-600 hover:bg-blue-700"[39m
                [36m>[39m
                  [0m네, 맞아요[0m
                [36m</button>[39m
                [36m<button[39m
                  [33mclass[39m=[32m"inline-flex items-center justify-center whitespace-nowrap rounded-xl font-bold ring-offset-background transition-colors focus-visible:outline-none focus-visible:ring-2 focus-visible:ring-ring focus-visible:ring-offset-2 disabled:pointer-events-none disabled:opacity-50 border-2 border-blue-500 text-blue-500 hover:bg-blue-50 px-4 py-2 text-base h-9"[39m
                [36m>[39m
                  [0m아니요[0m
                [36m</button>[39m
              [36m</div>[39m
            [36m</div>[39m
          [36m</div>[39m
          [36m<div />[39m
        [36m</div>[39m
      [36m</div>[39m
    [36m</div>[39m
  [36m</body>[39m
[36m</html>[39m
[90m [2m❯[22m waitForWrapper node_modules/@testing-library/dom/dist/wait-for.js:[2m163:27[22m[39m
[36m [2m❯[22m test/verify-onboarding-chat.test.tsx:[2m47:15[22m[39m
    [90m 45| [39m
    [90m 46| [39m        [90m// Wait for AI response and confirmation state[39m
    [90m 47| [39m        [35mawait[39m [34mwaitFor[39m(() [33m=>[39m {
    [90m   | [39m              [31m^[39m
    [90m 48| [39m            [34mexpect[39m(screen[33m.[39m[34mgetByText[39m([32m'수술 정보를 확인했습니다.'[39m))[33m.[39m[34mtoBeTruthy[39m()
    [90m 49| [39m            [34mexpect[39m(screen[33m.[39m[34mgetByText[39m([32m'"위암 수술"이(가) 맞나요?'[39m))[33m.[39m[34mtoBeTruthy[39m()

[31m[2m⎯⎯⎯⎯⎯⎯⎯⎯⎯⎯⎯⎯⎯⎯⎯⎯⎯⎯⎯⎯⎯⎯⎯⎯[1/3]⎯[22m[39m

[41m[1m FAIL [22m[49m test/verify-onboarding-chat.test.tsx[2m > [22mOnboardingChat Redesign[2m > [22mshows date picker when confirmed
[31m[1mTestingLibraryElementError[22m[39m: Found multiple elements with the role "button" and name `/네, 맞아요/i`

Here are the matching elements:

Ignored nodes: comments, script, style
[36m<button[39m
  [33mclass[39m=[32m"inline-flex items-center justify-center whitespace-nowrap rounded-xl font-bold ring-offset-background transition-colors focus-visible:outline-none focus-visible:ring-2 focus-visible:ring-ring focus-visible:ring-offset-2 disabled:pointer-events-none disabled:opacity-50 text-white px-4 py-2 text-base h-9 bg-blue-600 hover:bg-blue-700"[39m
[36m>[39m
  [0m네, 맞아요[0m
[36m</button>[39m

Ignored nodes: comments, script, style
[36m<button[39m
  [33mclass[39m=[32m"inline-flex items-center justify-center whitespace-nowrap rounded-xl font-bold ring-offset-background transition-colors focus-visible:outline-none focus-visible:ring-2 focus-visible:ring-ring focus-visible:ring-offset-2 disabled:pointer-events-none disabled:opacity-50 text-white px-4 py-2 text-base h-9 bg-blue-600 hover:bg-blue-700"[39m
[36m>[39m
  [0m네, 맞아요[0m
[36m</button>[39m

Ignored nodes: comments, script, style
[36m<button[39m
  [33mclass[39m=[32m"inline-flex items-center justify-center whitespace-nowrap rounded-xl font-bold ring-offset-background transition-colors focus-visible:outline-none focus-visible:ring-2 focus-visible:ring-ring focus-visible:ring-offset-2 disabled:pointer-events-none disabled:opacity-50 text-white px-4 py-2 text-base h-9 bg-blue-600 hover:bg-blue-700"[39m
[36m>[39m
  [0m네, 맞아요[0m
[36m</button>[39m

(If this is intentional, then use the `*AllBy*` variant of the query (like `queryAllByText`, `getAllByText`, or `findAllByText`)).

Ignored nodes: comments, script, style
[36m<body>[39m
  [36m<div>[39m
    [36m<div[39m
      [33mclass[39m=[32m"bg-white rounded-2xl shadow-lg p-8 max-w-3xl mx-auto flex flex-col h-[600px] shadow-xl border-t-4 border-t-blue-500 overflow-hidden"[39m
    [36m>[39m
      [36m<div[39m
        [33mclass[39m=[32m"bg-white border-b p-4 text-center"[39m
      [36m>[39m
        [36m<h3[39m
          [33mclass[39m=[32m"text-xl font-bold text-gray-800"[39m
        [36m>[39m
          [0m회복 가이드 AI 상담[0m
        [36m</h3>[39m
        [36m<p[39m
          [33mclass[39m=[32m"text-sm text-gray-500"[39m
        [36m>[39m
          [0m대화를 통해 맞춤형 회복 계획을 세워보세요[0m
        [36m</p>[39m
      [36m</div>[39m
      [36m<div[39m
        [33mclass[39m=[32m"flex-1 overflow-y-auto p-6 space-y-4 bg-gray-50"[39m
      [36m>[39m
        [36m<div[39m
          [33mclass[39m=[32m"flex justify-start"[39m
        [36m>[39m
          [36m<div[39m
            [33mclass[39m=[32m"flex max-w-[80%] items-start gap-3 "[39m
          [36m>[39m
            [36m<div[39m
              [33mclass[39m=[32m"p-2 rounded-full bg-white border shadow-sm"[39m
            [36m>[39m
              [36m<svg[39m
                [33maria-hidden[39m=[32m"true"[39m
                [33mclass[39m=[32m"lucide lucide-bot text-gray-600"[39m
                [33mfill[39m=[32m"none"[39m
                [33mheight[39m=[32m"20"[39m
                [33mstroke[39m=[32m"currentColor"[39m
                [33mstroke-linecap[39m=[32m"round"[39m
                [33mstroke-linejoin[39m=[32m"round"[39m
                [33mstroke-width[39m=[32m"2"[39m
                [33mviewBox[39m=[32m"0 0 24 24"[39m
                [33mwidth[39m=[32m"20"[39m
                [33mxmlns[39m=[32m"http://www.w3.org/2000/svg"[39m
              [36m>[39m
                [36m<path[39m
                  [33md[39m=[32m"M12 8V4H8"[39m
                [36m/>[39m
                [36m<rect[39m
                  [33mheight[39m=[32m"12"[39m
                  [33mrx[39m=[32m"2"[39m
                  [33mwidth[39m=[32m"16"[39m
                  [33mx[39m=[32m"4"[39m
                  [33my[39m=[32m"8"[39m
                [36m/>[39m
                [36m<path[39m
                  [33md[39m=[32m"M2 14h2"[39m
                [36m/>[39m
                [36m<path[39m
                  [33md[39m=[32m"M20 14h2"[39m
                [36m/>[39m
                [36m<path[39m
                  [33md[39m=[32m"M15 13v2"[39m
                [36m/>[39m
                [36m<path[39m
                  [33md[39m=[32m"M9 13v2"[39m
                [36m/>[39m
              [36m</svg>[39m
            [36m</div>[39m
            [36m<div[39m
              [33mclass[39m=[32m"p-4 rounded-2xl text-sm leading-relaxed shadow-sm bg-white text-gray-800 rounded-tl-none border"[39m
            [36m>[39m
              [0m안녕하세요! 수술 후 회복 관리를 도와드릴 AI 가이드입니다. 먼저 어떤 수술을 받으셨는지 말씀해 주시겠어요? (예: 위절제술, 대장절제술, 무릎 인공관절 등)[0m
            [36m</div>[39m
          [36m</div>[39m
        [36m</div>[39m
        [36m<div[39m
          [33mclass[39m=[32m"flex justify-end"[39m
        [36m>[39m
          [36m<div[39m
            [33mclass[39m=[32m"flex max-w-[80%] items-start gap-3 flex-row-reverse"[39m
          [36m>[39m
            [36m<div[39m
              [33mclass[39m=[32m"p-2 rounded-full bg-blue-100"[39m
            [36m>[39m
              [36m<svg[39m
                [33maria-hidden[39m=[32m"true"[39m
                [33mclass[39m=[32m"lucide lucide-user text-blue-600"[39m
                [33mfill[39m=[32m"none"[39m
                [33mheight[39m=[32m"20"[39m
                [33mstroke[39m=[32m"currentColor"[39m
                [33mstroke-linecap[39m=[32m"round"[39m
                [33mstroke-linejoin[39m=[32m"round"[39m
                [33mstroke-width[39m=[32m"2"[39m
                [33mviewBox[39m=[32m"0 0 24 24"[39m
                [33mwidth[39m=[32m"20"[39m
                [33mxmlns[39m=[32m"http://www.w3.org/2000/svg"[39m
              [36m>[39m
                [36m<path[39m
                  [33md[39m=[32m"M19 21v-2a4 4 0 0 0-4-4H9a4 4 0 0 0-4 4v2"[39m
                [36m/>[39m
                [36m<circle[39m
                  [33mcx[39m=[32m"12"[39m
                  [33mcy[39m=[32m"7"[39m
                  [33mr[39m=[32m"4"[39m
                [36m/>[39m
              [36m</svg>[39m
            [36m</div>[39m
            [36m<div[39m
              [33mclass[39m=[32m"p-4 rounded-2xl text-sm leading-relaxed shadow-sm bg-blue-600 text-white rounded-tr-none"[39m
            [36m>[39m
              [0m위암 수술[0m
            [36m</div>[39m
          [36m</div>[39m
        [36m</div>[39m
        [36m<div[39m
          [33mclass[39m=[32m"flex justify-start"[39m
        [36m>[39m
          [36m<div[39m
            [33mclass[39m=[32m"flex max-w-[80%] items-start gap-3 "[39m
          [36m>[39m
            [36m<div[39m
              [33mclass[39m=[32m"p-2 rounded-full bg-white border shadow-sm"[39m
            [36m>[39m
              [36m<svg[39m
                [33maria-hidden[39m=[32m"true"[39m
                [33mclass[39m=[32m"lucide lucide-bot text-gray-600"[39m
                [33mfill[39m=[32m"none"[39m
                [33mheight[39m=[32m"20"[39m
                [33mstroke[39m=[32m"currentColor"[39m
                [33mstroke-linecap[39m=[32m"round"[39m
                [33mstroke-linejoin[39m=[32m"round"[39m
                [33mstroke-width[39m=[32m"2"[39m
                [33mviewBox[39m=[32m"0 0 24 24"[39m
                [33mwidth[39m=[32m"20"[39m
                [33mxmlns[39m=[32m"http://www.w3.org/2000/svg"[39m
              [36m>[39m
                [36m<path[39m
                  [33md[39m=[32m"M12 8V4H8"[39m
                [36m/>[39m
                [36m<rect[39m
                  [33mheight[39m=[32m"12"[39m
                  [33mrx[39m=[32m"2"[39m
                  [33mwidth[39m=[32m"16"[39m
                  [33mx[39m=[32m"4"[39m
                  [33my[39m=[32m"8"[39m
                [36m/>[39m
                [36m<path[39m
                  [33md[39m=[32m"M2 14h2"[39m
                [36m/>[39m
                [36m<path[39m
                  [33md[39m=[32m"M20 14h2"[39m
                [36m/>[39m
                [36m<path[39m
                  [33md[39m=[32m"M15 13v2"[39m
                [36m/>[39m
                [36m<path[39m
                  [33md[39m=[32m"M9 13v2"[39m
                [36m/>[39m
              [36m</svg>[39m
            [36m</div>[39m
            [36m<div[39m
              [33mclass[39m=[32m"p-4 rounded-2xl text-sm leading-relaxed shadow-sm bg-white text-gray-800 roun...
[90m [2m❯[22m Object.getElementError node_modules/@testing-library/dom/dist/config.js:[2m37:19[22m[39m
[90m [2m❯[22m getElementError node_modules/@testing-library/dom/dist/query-helpers.js:[2m20:35[22m[39m
[90m [2m❯[22m getMultipleElementsFoundError node_modules/@testing-library/dom/dist/query-helpers.js:[2m23:10[22m[39m
[90m [2m❯[22m node_modules/@testing-library/dom/dist/query-helpers.js:[2m55:13[22m[39m
[90m [2m❯[22m node_modules/@testing-library/dom/dist/query-helpers.js:[2m95:19[22m[39m
[36m [2m❯[22m test/verify-onboarding-chat.test.tsx:[2m80:38[22m[39m
    [90m 78| [39m
    [90m 79| [39m        [90m// Click "네, 맞아요" button[39m
    [90m 80| [39m        const confirmButton = screen.getByRole('button', { name: /네, 맞…
    [90m   | [39m                                     [31m^[39m
    [90m 81| [39m        fireEvent[33m.[39m[34mclick[39m(confirmButton)
    [90m 82| [39m

[31m[2m⎯⎯⎯⎯⎯⎯⎯⎯⎯⎯⎯⎯⎯⎯⎯⎯⎯⎯⎯⎯⎯⎯⎯⎯[2/3]⎯[22m[39m

[41m[1m FAIL [22m[49m test/verify-onboarding-chat.test.tsx[2m > [22mOnboardingChat Redesign[2m > [22mcompletes without final AI message when date is selected
[31m[1mTestingLibraryElementError[22m[39m: Found multiple elements with the role "button" and name `/네, 맞아요/i`

Here are the matching elements:

Ignored nodes: comments, script, style
[36m<button[39m
  [33mclass[39m=[32m"inline-flex items-center justify-center whitespace-nowrap rounded-xl font-bold ring-offset-background transition-colors focus-visible:outline-none focus-visible:ring-2 focus-visible:ring-ring focus-visible:ring-offset-2 disabled:pointer-events-none disabled:opacity-50 text-white px-4 py-2 text-base h-9 bg-blue-600 hover:bg-blue-700"[39m
[36m>[39m
  [0m네, 맞아요[0m
[36m</button>[39m

Ignored nodes: comments, script, style
[36m<button[39m
  [33mclass[39m=[32m"inline-flex items-center justify-center whitespace-nowrap rounded-xl font-bold ring-offset-background transition-colors focus-visible:outline-none focus-visible:ring-2 focus-visible:ring-ring focus-visible:ring-offset-2 disabled:pointer-events-none disabled:opacity-50 text-white px-4 py-2 text-base h-9 bg-blue-600 hover:bg-blue-700"[39m
[36m>[39m
  [0m네, 맞아요[0m
[36m</button>[39m

Ignored nodes: comments, script, style
[36m<button[39m
  [33mclass[39m=[32m"inline-flex items-center justify-center whitespace-nowrap rounded-xl font-bold ring-offset-background transition-colors focus-visible:outline-none focus-visible:ring-2 focus-visible:ring-ring focus-visible:ring-offset-2 disabled:pointer-events-none disabled:opacity-50 text-white px-4 py-2 text-base h-9 bg-blue-600 hover:bg-blue-700"[39m
[36m>[39m
  [0m네, 맞아요[0m
[36m</button>[39m

Ignored nodes: comments, script, style
[36m<button[39m
  [33mclass[39m=[32m"inline-flex items-center justify-center whitespace-nowrap rounded-xl font-bold ring-offset-background transition-colors focus-visible:outline-none focus-visible:ring-2 focus-visible:ring-ring focus-visible:ring-offset-2 disabled:pointer-events-none disabled:opacity-50 text-white px-4 py-2 text-base h-9 bg-blue-600 hover:bg-blue-700"[39m
[36m>[39m
  [0m네, 맞아요[0m
[36m</button>[39m

(If this is intentional, then use the `*AllBy*` variant of the query (like `queryAllByText`, `getAllByText`, or `findAllByText`)).

Ignored nodes: comments, script, style
[36m<body>[39m
  [36m<div>[39m
    [36m<div[39m
      [33mclass[39m=[32m"bg-white rounded-2xl shadow-lg p-8 max-w-3xl mx-auto flex flex-col h-[600px] shadow-xl border-t-4 border-t-blue-500 overflow-hidden"[39m
    [36m>[39m
      [36m<div[39m
        [33mclass[39m=[32m"bg-white border-b p-4 text-center"[39m
      [36m>[39m
        [36m<h3[39m
          [33mclass[39m=[32m"text-xl font-bold text-gray-800"[39m
        [36m>[39m
          [0m회복 가이드 AI 상담[0m
        [36m</h3>[39m
        [36m<p[39m
          [33mclass[39m=[32m"text-sm text-gray-500"[39m
        [36m>[39m
          [0m대화를 통해 맞춤형 회복 계획을 세워보세요[0m
        [36m</p>[39m
      [36m</div>[39m
      [36m<div[39m
        [33mclass[39m=[32m"flex-1 overflow-y-auto p-6 space-y-4 bg-gray-50"[39m
      [36m>[39m
        [36m<div[39m
          [33mclass[39m=[32m"flex justify-start"[39m
        [36m>[39m
          [36m<div[39m
            [33mclass[39m=[32m"flex max-w-[80%] items-start gap-3 "[39m
          [36m>[39m
            [36m<div[39m
              [33mclass[39m=[32m"p-2 rounded-full bg-white border shadow-sm"[39m
            [36m>[39m
              [36m<svg[39m
                [33maria-hidden[39m=[32m"true"[39m
                [33mclass[39m=[32m"lucide lucide-bot text-gray-600"[39m
                [33mfill[39m=[32m"none"[39m
                [33mheight[39m=[32m"20"[39m
                [33mstroke[39m=[32m"currentColor"[39m
                [33mstroke-linecap[39m=[32m"round"[39m
                [33mstroke-linejoin[39m=[32m"round"[39m
                [33mstroke-width[39m=[32m"2"[39m
                [33mviewBox[39m=[32m"0 0 24 24"[39m
                [33mwidth[39m=[32m"20"[39m
                [33mxmlns[39m=[32m"http://www.w3.org/2000/svg"[39m
              [36m>[39m
                [36m<path[39m
                  [33md[39m=[32m"M12 8V4H8"[39m
                [36m/>[39m
                [36m<rect[39m
                  [33mheight[39m=[32m"12"[39m
                  [33mrx[39m=[32m"2"[39m
                  [33mwidth[39m=[32m"16"[39m
                  [33mx[39m=[32m"4"[39m
                  [33my[39m=[32m"8"[39m
                [36m/>[39m
                [36m<path[39m
                  [33md[39m=[32m"M2 14h2"[39m
                [36m/>[39m
                [36m<path[39m
                  [33md[39m=[32m"M20 14h2"[39m
                [36m/>[39m
                [36m<path[39m
                  [33md[39m=[32m"M15 13v2"[39m
                [36m/>[39m
                [36m<path[39m
                  [33md[39m=[32m"M9 13v2"[39m
                [36m/>[39m
              [36m</svg>[39m
            [36m</div>[39m
            [36m<div[39m
              [33mclass[39m=[32m"p-4 rounded-2xl text-sm leading-relaxed shadow-sm bg-white text-gray-800 rounded-tl-none border"[39m
            [36m>[39m
              [0m안녕하세요! 수술 후 회복 관리를 도와드릴 AI 가이드입니다. 먼저 어떤 수술을 받으셨는지 말씀해 주시겠어요? (예: 위절제술, 대장절제술, 무릎 인공관절 등)[0m
            [36m</div>[39m
          [36m</div>[39m
        [36m</div>[39m
        [36m<div[39m
          [33mclass[39m=[32m"flex justify-end"[39m
        [36m>[39m
          [36m<div[39m
            [33mclass[39m=[32m"flex max-w-[80%] items-start gap-3 flex-row-reverse"[39m
          [36m>[39m
            [36m<div[39m
              [33mclass[39m=[32m"p-2 rounded-full bg-blue-100"[39m
            [36m>[39m
              [36m<svg[39m
                [33maria-hidden[39m=[32m"true"[39m
                [33mclass[39m=[32m"lucide lucide-user text-blue-600"[39m
                [33mfill[39m=[32m"none"[39m
                [33mheight[39m=[32m"20"[39m
                [33mstroke[39m=[32m"currentColor"[39m
                [33mstroke-linecap[39m=[32m"round"[39m
                [33mstroke-linejoin[39m=[32m"round"[39m
                [33mstroke-width[39m=[32m"2"[39m
                [33mviewBox[39m=[32m"0 0 24 24"[39m
                [33mwidth[39m=[32m"20"[39m
                [33mxmlns[39m=[32m"http://www.w3.org/2000/svg"[39m
              [36m>[39m
                [36m<path[39m
                  [33md[39m=[32m"M19 21v-2a4 4 0 0 0-4-4H9a4 4 0 0 0-4 4v2"[39m
                [36m/>[39m
                [36m<circle[39m
                  [33mcx[39m=[32m"12"[39m
                  [33mcy[39m=[32m"7"[39m
                  [33mr[39m=[32m"4"[39m
                [36m/>[39m
              [36m</svg>[39m
            [36m</div>[39m
            [36m<div[39m
              [33mclass[39m=[32m"p-4 rounded-2xl text-sm leading-relaxed shadow-sm bg-blue-600 text-white rounded-tr-none"[39m
            [36m>[39m
              [0m위암 수술[0m
            [36m</div>[39m
          [36m</div>[39m
        [36m</div>[39m
        [36m<div[39m
          [33mclass[39m=[32m"flex justify-start"[39m
        [36m>[39m
          [36m<div[39m
            [33mclass[39m=[32m"flex max-w-[80%] items-start gap-3 "[39m
          [36m>[39m
            [36m<div[39m
              [33mclass[39m=[32m"p-2 rounded-full bg-white border shadow-sm"[39m
            [36m>[39m
              [36m<svg[39m
                [33maria-hidden[39m=[32m"true"[39m
                [33mclass[39m=[32m"lucide lucide-bot text-gray-600"[39m
                [33mfill[39m=[32m"none"[39m
                [33mheight[39m=[32m"20"[39m
                [33mstroke[39m=[32m"currentColor"[39m
                [33mstroke-linecap[39m=[32m"round"[39m
                [33mstroke-linejoin[39m=[32m"round"[39m
                [33mstroke-width[39m=[32m"2"[39m
                [33mviewBox[39m=[32m"0 0 24 24"[39m
                [33mwidth[39m=[32m"20"[39m
                [33mxmlns[39m=[32m"http://www.w3.org/2000/svg"[39m
              [36m>[39m
                [36m<path[39m
                  [33md[39m=[32m"M12 8V4H8"[39m
                [36m/>[39m
                [36m<rect[39m
                  [33mheight[39m=[32m"12"[39m
                  [33mrx[39m=[32m"2"[39m
                  [33mwidth[39m=[32m"16"[39m
                  [33mx[39m=[32m"4"[39m
                  [33my[39m=[32m"8"[39m
                [36m/>[39m
                [36m<path[39m
                  [33md[39m=[32m"M2 14h2"[39m
                [36m/>[39m
                [36m<path[39m
                  [33md[39m=[32m"M20 14h2"[39m
                [36m/>[39m
                [36m<path[39m
                  [33md[39m=[32m"M15 13v2"[39m
                [36m/>[39m
                [36m<path[39m
                  [33md[39m=[32m"M9 13v2"[39m
                [36m/>[39m
              [36m</svg>[39m
            [36m</div>[39m
            [36m<div[39m
              [33mclass[39m=[32m"p-4 rounded-2xl text-sm leading-relaxed shadow-sm bg-white text-gray-800 roun...
[90m [2m❯[22m Object.getElementError node_modules/@testing-library/dom/dist/config.js:[2m37:19[22m[39m
[90m [2m❯[22m getElementError node_modules/@testing-library/dom/dist/query-helpers.js:[2m20:35[22m[39m
[90m [2m❯[22m getMultipleElementsFoundError node_modules/@testing-library/dom/dist/query-helpers.js:[2m23:10[22m[39m
[90m [2m❯[22m node_modules/@testing-library/dom/dist/query-helpers.js:[2m55:13[22m[39m
[90m [2m❯[22m node_modules/@testing-library/dom/dist/query-helpers.js:[2m95:19[22m[39m
[36m [2m❯[22m test/verify-onboarding-chat.test.tsx:[2m111:32[22m[39m
    [90m109| [39m
    [90m110| [39m        [90m// 2. Confirm surgery[39m
    [90m111| [39m        fireEvent.click(screen.getByRole('button', { name: /네, 맞아요/i }…
    [90m   | [39m                               [31m^[39m
    [90m112| [39m
    [90m113| [39m        [35mawait[39m [34mwaitFor[39m(() [33m=>[39m {

[31m[2m⎯⎯⎯⎯⎯⎯⎯⎯⎯⎯⎯⎯⎯⎯⎯⎯⎯⎯⎯⎯⎯⎯⎯⎯[3/3]⎯[22m[39m


[2m Test Files [22m [1m[31m1 failed[39m[22m[90m (1)[39m
[2m      Tests [22m [1m[31m3 failed[39m[22m[2m | [22m[1m[32m1 passed[39m[22m[90m (4)[39m
[2m   Start at [22m 20:16:54
[2m   Duration [22m 2.04s[2m (transform 83ms, setup 76ms, import 318ms, tests 1.24s, environment 313ms)[22m

